## 作业1 （选作）使用 GCLogAnalysis.java 自己演练一遍串行/并行/CMS/G1的案例
  1、分别设置堆内存512M、1G、2G、4G进行分析
  
  2、运行的日志文件分别在文件夹[gc_log](gc_log)下
  
### 串行 GC

1、启动参数示例：

java -XX:+PrintGCDetails -XX:+PrintGCDateStamps -Xmx512m -Xms512m -XX:+UseSerialGC -Xloggc:gc.serial.log GCLogAnalysis

2、部分日志内容分析：

#### Young GC

2021-09-25T19:38:48.937+0800: 0.115: [GC (Allocation Failure) 2021-09-25T19:38:48.937+0800: 0.116: [DefNew: 139758K->17472K(157248K), 0.0145101 secs] 139758K->43902K(506816K), 0.0146950 secs] [Times: user=0.00 sys=0.02, real=0.01 secs] 

**2021-09-25T19:38:48.937+0800: 0.115** : gc发生时间  

**GC (Allocation Failure)** : gc发生的原因(内存分配失败)  

**DefNew: 139758K->17472K(157248K), 0.0145101 secs** : 年轻代回收前使用内存139758K,回收后使用内存17472K。年轻代分配的内存大小157248K，年轻代垃圾回收时间0.0145101秒。  

**139758K->43902K(506816K), 0.0146950 secs** : 整个堆内存回收前使用内存139758k,回收后使用内存43902K。整个堆分配的内存大小506816K，整个堆垃圾回收时间0.0146950秒。  

根据上面分析得出年轻代经过垃圾回收释放内存 122286K（139758K - 17472K）, 整个堆内存经过垃圾回收释放内存95856k（139758K - 43902K）,根据年轻代释放的内存和整个堆空间释放的内存大小不一致可以得出有26430K（122286K - 95856k）数据从年轻代晋升到了老年代。  

#### Full GC

2021-09-25T19:38:49.735+0800: 0.913: [Full GC (Allocation Failure) 2021-09-25T19:38:49.735+0800: 0.913: [Tenured: 349557K->349542K(349568K), 0.0535143 secs] 506695K->350957K(506816K), [Metaspace: 3341K->3341K(1056768K)], 0.0535855 secs] [Times: user=0.06 sys=0.00, real=0.05 secs] 

**2021-09-25T19:38:48.937+0800: 0.115** : gc发生时间  

**GC (Allocation Failure)** : gc发生的原因(内存分配失败)  

**Tenured: 349557K->349542K(349568K), 0.0535143 secs** : 老年代回收前使用内存349557K,回收后使用内存349542K。老年代分配的内存大小349568K，老年代垃圾回收时间0.0535143秒。

**506695K->350957K(506816K)** : 整个堆内存回收前使用内存506695K,回收后使用内存350957K。整个堆分配的内存大小506816K。

**Metaspace: 3341K->3341K(1056768K)** : 元空间内存回收前使用内存3341K,回收后使用内存3341K。整个元空间分配的内存大小1056768K。

### 并行 GC

1、启动参数示例：

java -XX:+PrintGCDetails -XX:+PrintGCDateStamps -Xmx512m -Xms512m -XX:+UseParallelGC -Xloggc:gc.parallel.log GCLogAnalysis

2、部分日志内容分析：

2021-09-25T19:39:00.750+0800: 0.115: [GC (Allocation Failure) [PSYoungGen: 131584K->21490K(153088K)] 131584K->38943K(502784K), 0.0071417 secs] [Times: user=0.06 sys=0.14, real=0.01 secs] 

2021-09-25T19:39:01.569+0800: 0.934: [Full GC (Ergonomics) [PSYoungGen: 44063K->0K(116736K)] [ParOldGen: 333781K->318625K(349696K)] 377844K->318625K(466432K), [Metaspace: 3341K->3341K(1056768K)], 0.0529052 secs] [Times: user=0.58 sys=0.00, real=0.05 secs]

 **日志结构与串行GC类似**

### CMS GC

1、启动参数示例：

java -XX:+PrintGCDetails -XX:+PrintGCDateStamps -Xmx512m -Xms512m -XX:+UseConcMarkSweepGC -Xloggc:gc.cms.log GCLogAnalysis

2、部分日志内容分析：

#### Young GC

2021-09-25T19:39:18.494+0800: 0.122: [GC (Allocation Failure) 2021-09-25T19:39:18.494+0800: 0.123: [ParNew: 139776K->17471K(157248K), 0.0089589 secs] 139776K->46781K(506816K), 0.0091172 secs] [Times: user=0.00 sys=0.01, real=0.01 secs]

**日志结构与串行GC类似** 

#### Full GC

2021-09-25T19:39:18.646+0800: 0.275: [GC (CMS Initial Mark) [1 CMS-initial-mark: 203459K(349568K)] 224377K(506816K), 0.0003196 secs] [Times: user=0.00 sys=0.00, real=0.00 secs] 

**CMS Initial Mark** 初始标记  
**203459K(349568K)** 老年代当前使用内存203459K,总分配内存349568K  
**224377K(506816K)** 堆内存当前使用量224377K,总分配内存506816K  

2021-09-25T19:39:18.647+0800: 0.276: [CMS-concurrent-mark-start]  
2021-09-25T19:39:18.648+0800: 0.277: [CMS-concurrent-mark: 0.001/0.001 secs] [Times: user=0.00 sys=0.00, real=0.00 secs] 

**CMS-concurrent-mark-start** 并发标记开始  
**CMS-concurrent-mark: 0.001/0.001 secs** 并发标记结束用时0.001秒  

2021-09-25T19:39:18.648+0800: 0.277: [CMS-concurrent-preclean-start]  
2021-09-25T19:39:18.649+0800: 0.278: [CMS-concurrent-preclean: 0.001/0.001 secs] [Times: user=0.00 sys=0.00, real=0.00 secs] 

**CMS-concurrent-preclean-start** 并发预清理开始  
**CMS-concurrent-preclean: 0.001/0.001 secs** 并发预清理结束用时0.001秒

2021-09-25T19:39:18.649+0800: 0.278: [CMS-concurrent-abortable-preclean-start]  
2021-09-25T19:39:18.762+0800: 0.392: [CMS-concurrent-abortable-preclean: 0.003/0.114 secs] [Times: user=0.80 sys=0.02, real=0.11 secs]  

**CMS-concurrent-abortable-preclean-start** 并发可中止的预清理开始  
**CMS-concurrent-abortable-preclean: 0.003/0.114 secs** 并发可中止的预清理结束用时0.114秒

2021-09-25T19:39:18.762+0800: 0.392: [GC (CMS Final Remark) [YG occupancy: 25857 K (157248 K)]2021-09-25T19:39:18.762+0800: 0.392: [Rescan (parallel) , 0.0001823 secs]2021-09-25T19:39:18.763+0800: 0.392: [weak refs processing, 0.0000120 secs]2021-09-25T19:39:18.763+0800: 0.392: [class unloading, 0.0002697 secs]2021-09-25T19:39:18.763+0800: 0.392: [scrub symbol table, 0.0002893 secs]2021-09-25T19:39:18.763+0800: 0.393: [scrub string table, 0.0000786 secs][1 CMS-remark: 330021K(349568K)] 355878K(506816K), 0.0008848 secs] [Times: user=0.00 sys=0.00, real=0.00 secs]

**CMS Final Remark** 最终标记  
**YG occupancy: 25857 K (157248 K)**  年轻代使用量25857K,分配总量157248K  
**Rescan (parallel) , 0.0001823 secs** 重新标记存活对象（并行执行），耗时0.0001823秒  
**weak refs processing, 0.0000120 secs** 弱引用的处理，耗时0.0000120秒  
**class unloading, 0.0002697 secs** 类卸载,耗时0.0002697秒  
**scrub symbol table, 0.0002893 secs** 清理元数据符号引用表,耗时0.0002893秒  
**scrub string table, 0.0000786 secs** 清理字符串表,耗时0.0000786秒  
**CMS-remark: 330021K(349568K)** 老年代当前使用内存330021K,总分配内存349568K  
**352948K(506816K)** 堆内存当前使用量352948K,总分配内存506816K  

2021-09-25T19:39:19.305+0800: 0.934: [CMS-concurrent-sweep-start]  
2021-09-25T19:39:19.306+0800: 0.935: [CMS-concurrent-sweep: 0.001/0.001 secs] [Times: user=0.00 sys=0.00, real=0.00 secs]

**CMS-concurrent-sweep-start**  并发清除开始  
**CMS-concurrent-sweep: 0.001/0.001 secs**  并发清除结束耗时0.001秒

2021-09-25T19:39:18.764+0800: 0.394: [CMS-concurrent-reset-start]  
2021-09-25T19:39:18.765+0800: 0.394: [CMS-concurrent-reset: 0.001/0.001 secs] [Times: user=0.00 sys=0.00, real=0.00 secs] 

**CMS-concurrent-reset-start** 并发重置开始
**CMS-concurrent-reset: 0.001/0.001 secs** 并发重置结束耗时0.001秒

### G1 GC

1、启动参数示例：

java -XX:+PrintGC -XX:+PrintGCDateStamps -Xmx512m -Xms512m -XX:+UseG1GC -Xloggc:gc.g1.log GCLogAnalysis

2、部分日志内容分析：

#### Young GC

2021-09-25T19:39:32.509+0800: 0.091: [GC pause (G1 Evacuation Pause) (young) 31M->13M(512M), 0.0023280 secs]

**GC pause (G1 Evacuation Pause) (young)** 纯年轻代模式转移暂停 内存回收前31M,回收后13M,整个堆总分配内存512M,垃圾回收耗时0.0023280秒

2021-09-25T19:39:32.673+0800: 0.256: [GC pause (G1 Humongous Allocation) (young) (initial-mark) 341M->341M(512M), 0.0034927 secs]

**initial-mark** 初始标记

2021-09-25T19:39:32.676+0800: 0.259: [GC concurrent-root-region-scan-start]  
2021-09-25T19:39:32.676+0800: 0.259: [GC concurrent-root-region-scan-end, 0.0000540 secs]

**concurrent-root-region-scan-start** Root区扫描开始  
**concurrent-root-region-scan-end, 0.0000540 secs** Root区扫描结束,耗时0.0000540秒


2021-09-25T19:39:32.676+0800: 0.259: [GC concurrent-mark-start]  
2021-09-25T19:39:32.678+0800: 0.260: [GC concurrent-mark-end, 0.0013967 secs]

**concurrent-mark-start** 并发标记开始  
**concurrent-mark-end** 并发标记结束,耗时0.0013967秒

2021-09-25T19:39:32.678+0800: 0.261: [GC remark, 0.0007140 secs]

**remark** 再次标记,耗时0.0007140秒

2021-09-25T19:39:32.679+0800: 0.261: [GC cleanup 351M->351M(512M), 0.0005072 secs]

**cleanup** 清理

2021-09-25T19:39:32.702+0800: 0.285: [GC pause (G1 Evacuation Pause) (mixed) 383M->320M(512M), 0.0039861 secs]

**(G1 Evacuation Pause) (mixed)** 转移暂停: 混合模式

#### Full GC

2021-09-25T19:39:33.269+0800: 0.852: [Full GC (Allocation Failure)  442M->341M(512M), 0.0428427 secs]

